// Jest Snapshot v1, https://goo.gl/fbAQLP

exports[`ProfileCreation screen matches snapshot for the first screen 1`] = `
<View
  accessibilityIgnoresInvertColors={true}
  style={
    {
      "backgroundColor": "#F8F9FA",
      "flex": 1,
      "position": "relative",
    }
  }
>
  <Image
    source={{}}
    style={
      [
        {
          "bottom": 0,
          "left": 0,
          "position": "absolute",
          "right": 0,
          "top": 0,
        },
        {
          "height": undefined,
          "width": undefined,
        },
        {
          "opacity": 0.68,
          "resizeMode": "cover",
        },
      ]
    }
  />
  <View>
    <RCTScrollView
      contentContainerStyle={
        {
          "alignItems": "center",
          "backgroundColor": "transparent",
          "flexGrow": 1,
          "justifyContent": "center",
          "paddingBottom": 30,
          "paddingHorizontal": 25,
        }
      }
      showsVerticalScrollIndicator={false}
    >
      <View>
        <Text
          collapsable={false}
          style={
            {
              "borderBottomColor": "#E4CFA3",
              "borderBottomWidth": 2,
              "color": "#043927",
              "fontSize": 30,
              "fontWeight": "bold",
              "letterSpacing": 1,
              "marginBottom": 50,
              "marginTop": 120,
              "paddingBottom": 6,
              "textAlign": "center",
              "textShadowColor": "rgba(0, 0, 0, 0.15)",
              "textShadowOffset": {
                "height": 2,
                "width": 2,
              },
              "textShadowRadius": 4,
              "textTransform": "uppercase",
              "transform": [
                {
                  "translateX": 0,
                },
              ],
            }
          }
        >
          Question 
          1
           of 
          10
        </Text>
        <View
          collapsable={false}
          style={
            {
              "transform": [
                {
                  "translateX": 0,
                },
              ],
            }
          }
        >
          <View
            style={
              {
                "alignItems": "center",
                "alignSelf": "center",
                "backgroundColor": "#F5F1DF",
                "borderColor": "#E4CFA3",
                "borderRadius": 20,
                "borderWidth": 5,
                "justifyContent": "center",
                "padding": 25,
                "shadowColor": "#000",
                "shadowOffset": {
                  "height": 3,
                  "width": 0,
                },
                "shadowOpacity": 0.15,
                "shadowRadius": 20,
              }
            }
          >
            <Text
              style={
                {
                  "color": "#043927",
                  "fontSize": 22,
                  "fontWeight": "600",
                  "lineHeight": 28,
                  "marginBottom": 20,
                  "textAlign": "center",
                }
              }
            >
              Tell us your name! (Or preferred name)
            </Text>
            <View
              style={
                {
                  "alignItems": "center",
                  "marginVertical": 12,
                  "width": "100%",
                }
              }
            >
              <TextInput
                onChangeText={[Function]}
                placeholder="Preferred Name"
                style={
                  {
                    "alignSelf": "center",
                    "backgroundColor": "#fff",
                    "borderColor": "#043927",
                    "borderRadius": 10,
                    "borderWidth": 1.2,
                    "elevation": 2,
                    "fontSize": 16,
                    "marginBottom": 12,
                    "paddingHorizontal": 16,
                    "paddingVertical": 14,
                    "shadowColor": "#000",
                    "shadowOffset": {
                      "height": 2,
                      "width": 0,
                    },
                    "shadowOpacity": 0.07,
                    "shadowRadius": 3,
                    "width": "92%",
                  }
                }
                value=""
              />
            </View>
          </View>
        </View>
        <View
          collapsable={false}
          style={
            {
              "alignSelf": "center",
              "flexDirection": "row",
              "justifyContent": "space-between",
              "marginTop": 25,
              "transform": [
                {
                  "translateX": 0,
                },
              ],
              "width": "92%",
            }
          }
        >
          <View
            accessibilityState={
              {
                "busy": undefined,
                "checked": undefined,
                "disabled": undefined,
                "expanded": undefined,
                "selected": undefined,
              }
            }
            accessibilityValue={
              {
                "max": undefined,
                "min": undefined,
                "now": undefined,
                "text": undefined,
              }
            }
            accessible={true}
            collapsable={false}
            focusable={true}
            onClick={[Function]}
            onResponderGrant={[Function]}
            onResponderMove={[Function]}
            onResponderRelease={[Function]}
            onResponderTerminate={[Function]}
            onResponderTerminationRequest={[Function]}
            onStartShouldSetResponder={[Function]}
            style={
              {
                "alignItems": "center",
                "backgroundColor": "#FBF8EF",
                "borderColor": "#E4CFA3",
                "borderRadius": 18,
                "borderWidth": 1.2,
                "elevation": 4,
                "flexDirection": "row",
                "marginLeft": "auto",
                "opacity": 1,
                "paddingHorizontal": 24,
                "paddingVertical": 14,
                "shadowColor": "#000",
                "shadowOffset": {
                  "height": 3,
                  "width": 0,
                },
                "shadowOpacity": 0.12,
                "shadowRadius": 5,
              }
            }
          >
            <Text
              style={
                {
                  "color": "#043927",
                  "fontSize": 17,
                  "fontWeight": "bold",
                  "letterSpacing": 0.5,
                  "textAlign": "center",
                  "textTransform": "uppercase",
                }
              }
            >
              Next
            </Text>
          </View>
        </View>
      </View>
    </RCTScrollView>
  </View>
</View>
`;
